(21)
((8)21)
((8)21(29))
((8(16))21(29))
(((3)8(16))21(29))
(((3)8(16))21((24)29))
(((3)8((11)16))21((24)29))
(((3)8((11)16))21((24)29(32)))
(((3)8((11)16(19)))21((24)29(32)))
ok
((((-1)3)8((11)16(19)))21((24)29(32(42))))
