2
1024
1
1
2
3
5
8
13
21
34
55
3311503426941990459
