9223372036854775807
-9223372036854775808
-9223372036854775808
9223372036854775807
-9223372036854775808
9223372036854775807
-9223372036854775808
5971570120393124737
