function f(b,q,n,nl,po,pf,c,s) println(s,nl,po,q,b,b,q,c,q,b,q,q,c,q,n,q,c,q,b,n,q,c,q,po,q,c,q,pf,q,c,q,c,q,c,q,s,q,pf) end
f("\\","\"","n","\n","f(",")",",","function f(b,q,n,nl,po,pf,c,s) println(s,nl,po,q,b,b,q,c,q,b,q,q,c,q,n,q,c,q,b,n,q,c,q,po,q,c,q,pf,q,c,q,c,q,c,q,s,q,pf) end")
